#-----------------------------------------------------------
# PlanAhead v14.7 (64-bit)
# Build 321239 by xbuild on Fri Sep 27 19:29:51 MDT 2013
# Start of session at: Tue Aug 02 16:37:00 2022
# Process ID: 2776
# Log file: D:/AMP/Research and Development/FPGA/XilinxSpartan6-VGA_BlinkRGB/planAhead_run_1/planAhead.log
# Journal file: D:/AMP/Research and Development/FPGA/XilinxSpartan6-VGA_BlinkRGB/planAhead_run_1/planAhead.jou
#-----------------------------------------------------------
start_gui
source {D:/AMP/Research and Development/FPGA/XilinxSpartan6-VGA_BlinkRGB/pa.fromHdl.tcl}
update_compile_order -fileset sim_1
set_property iostandard LVCMOS25 [get_ports [list {VGA_BLUE[5]}]]
set_property iostandard LVCMOS25 [get_ports [list {VGA_BLUE[7]}]]
set_property iostandard LVCMOS33 [get_ports [list CLK]]
set_property iostandard LVCMOS33 [get_ports [list VGA_CLK]]
set_property iostandard LVCMOS33 [get_ports [list VGA_HSYC]]
set_property iostandard LVCMOS33 [get_ports [list VGA_VSYNC]]
startgroup
set_property package_pin M9 [get_ports CLK]
endgroup
set_property package_pin "" [get_ports [list  VGA_CLK]]
set_property package_pin "" [get_ports [list  VGA_VSYNC]]
startgroup
set_property package_pin N16 [get_ports VGA_HSYC]
endgroup
save_constraints
startgroup
set_property package_pin P15 [get_ports VGA_VSYNC]
endgroup
set_property is_loc_fixed false [get_ports [list  VGA_HSYC]]
set_property is_loc_fixed false [get_ports [list  VGA_VSYNC]]
set_property is_loc_fixed true [get_ports [list  VGA_VSYNC]]
set_property is_loc_fixed false [get_ports [list  VGA_VSYNC]]
set_property is_loc_fixed true [get_ports [list  VGA_VSYNC]]
set_property is_loc_fixed false [get_ports [list  VGA_VSYNC]]
save_constraints
startgroup
set_property package_pin E11 [get_ports VGA_CLK]
endgroup
set_property is_loc_fixed true [get_ports [list  VGA_VSYNC]]
set_property is_loc_fixed true [get_ports [list  VGA_HSYC]]
set_property is_loc_fixed false [get_ports [list  VGA_HSYC]]
set_property is_loc_fixed true [get_ports [list  VGA_HSYC]]
save_constraints
set_property iostandard LVCMOS33 [get_ports [list {VGA_BLUE[6]}]]
set_property iostandard LVCMOS33 [get_ports [list {VGA_BLUE[7]}]]
set_property iostandard LVCMOS33 [get_ports [list {VGA_BLUE[7]} {VGA_BLUE[6]} {VGA_BLUE[5]} {VGA_BLUE[4]} {VGA_BLUE[3]} {VGA_BLUE[2]} {VGA_BLUE[1]} {VGA_BLUE[0]}]]
set_property iostandard LVCMOS25 [get_ports [list {VGA_GREEN[7]} {VGA_GREEN[6]} {VGA_GREEN[5]} {VGA_GREEN[4]} {VGA_GREEN[3]} {VGA_GREEN[2]} {VGA_GREEN[1]} {VGA_GREEN[0]}]]
set_property iostandard LVCMOS33 [get_ports [list {VGA_GREEN[7]} {VGA_GREEN[6]} {VGA_GREEN[5]} {VGA_GREEN[4]} {VGA_GREEN[3]} {VGA_GREEN[2]} {VGA_GREEN[1]} {VGA_GREEN[0]}]]
set_property iostandard LVCMOS33 [get_ports [list {VGA_RED[7]} {VGA_RED[6]} {VGA_RED[5]} {VGA_RED[4]} {VGA_RED[3]} {VGA_RED[2]} {VGA_RED[1]} {VGA_RED[0]}]]
save_constraints
set_property package_pin "" [get_ports [list  {VGA_BLUE[7]}]]
startgroup
set_property package_pin M13 [get_ports {VGA_BLUE[0]}]
endgroup
startgroup
set_property package_pin L13 [get_ports {VGA_BLUE[1]}]
endgroup
startgroup
set_property package_pin L14 [get_ports {VGA_BLUE[2]}]
endgroup
startgroup
set_property package_pin J14 [get_ports {VGA_BLUE[3]}]
endgroup
startgroup
set_property package_pin H13 [get_ports {VGA_BLUE[4]}]
endgroup
startgroup
set_property package_pin G14 [get_ports {VGA_BLUE[5]}]
endgroup
startgroup
set_property package_pin E13 [get_ports {VGA_BLUE[6]}]
endgroup
startgroup
set_property package_pin D14 [get_ports {VGA_BLUE[7]}]
endgroup
startgroup
set_property package_pin L16 [get_ports {VGA_GREEN[4]}]
endgroup
startgroup
set_property package_pin M16 [get_ports {VGA_GREEN[7]}]
endgroup
set_property package_pin "" [get_ports [list  {VGA_GREEN[7]}]]
startgroup
set_property package_pin M16 [get_ports {VGA_GREEN[7]}]
endgroup
set_property package_pin "" [get_ports [list  {VGA_GREEN[6]}]]
set_property package_pin "" [get_ports [list  {VGA_GREEN[7]}]]
startgroup
set_property package_pin M16 [get_ports {VGA_GREEN[6]}]
endgroup
startgroup
set_property package_pin M15 [get_ports {VGA_GREEN[5]}]
endgroup
startgroup
set_property package_pin L16 [get_ports {VGA_GREEN[4]}]
endgroup
startgroup
set_property package_pin N14 [get_ports {VGA_GREEN[7]}]
endgroup
startgroup
set_property package_pin K16 [get_ports {VGA_GREEN[2]}]
endgroup
startgroup
set_property package_pin K15 [get_ports {VGA_GREEN[1]}]
endgroup
startgroup
set_property package_pin J16 [get_ports {VGA_GREEN[0]}]
endgroup
startgroup
set_property package_pin K14 [get_ports {VGA_GREEN[3]}]
endgroup
set_property is_loc_fixed false [get_ports [list  {VGA_GREEN[1]}]]
set_property is_loc_fixed true [get_ports [list  {VGA_GREEN[1]}]]
save_constraints
startgroup
set_property package_pin H14 [get_ports {VGA_RED[7]}]
endgroup
startgroup
set_property package_pin H16 [get_ports {VGA_RED[6]}]
endgroup
startgroup
set_property package_pin H15 [get_ports {VGA_RED[5]}]
endgroup
startgroup
set_property package_pin G16 [get_ports {VGA_RED[4]}]
endgroup
set_property package_pin "" [get_ports [list  {VGA_RED[3]}]]
startgroup
set_property package_pin F16 [get_ports {VGA_RED[2]}]
endgroup
startgroup
set_property package_pin F15 [get_ports {VGA_RED[1]}]
endgroup
startgroup
set_property package_pin E16 [get_ports {VGA_RED[0]}]
endgroup
startgroup
set_property package_pin F14 [get_ports {VGA_RED[3]}]
endgroup
startgroup
set_property package_pin F15 [get_ports {VGA_RED[1]}]
endgroup
save_constraints
